// Jest Snapshot v1, https://goo.gl/fbAQLP

exports[`ConfirmAddSuggestedToken Component when clicking cancel button 1`] = `
<div>
  <div
    class="page-container"
  >
    <div
      class="page-container__header"
    >
      <div
        class="page-container__title"
      >
        Add Suggested Tokens
      </div>
      <div
        class="page-container__subtitle"
      >
        Would you like to import these tokens?
      </div>
      <div
        class="actionable-message actionable-message--warning actionable-message--with-right-button actionable-message--with-icon"
      >
        <svg
          viewBox="0 0 10 10"
          xmlns="http://www.w3.org/2000/svg"
        >
          <path
            d="M5 0C2.2 0 0 2.2 0 5s2.2 5 5 5 5-2.2 5-5-2.2-5-5-5zm0 2c.4 0 .7.3.7.7s-.3.7-.7.7-.7-.2-.7-.6.3-.8.7-.8zm.7 6H4.3V4.3h1.5V8z"
            fill="#f8c000"
          />
        </svg>
        
        <div
          class="actionable-message__message"
        >
          A token here reuses a symbol from another token you watch, this can be confusing or deceptive.
        </div>
      </div>
    </div>
    <div
      class="page-container__content"
    >
      <div
        class="confirm-import-token"
      >
        <div
          class="confirm-import-token__header"
        >
          <div
            class="confirm-import-token__token"
          >
            Token
          </div>
          <div
            class="confirm-import-token__balance"
          >
            Balance
          </div>
        </div>
        <div
          class="confirm-import-token__token-list"
        >
          <div
            class="confirm-import-token__token-list-item"
          >
            <div
              class="confirm-import-token__token confirm-import-token__data"
            >
              <img
                alt=""
                class="identicon confirm-import-token__token-icon"
                src="metamark.svg"
                style="height: 48px; width: 48px; border-radius: 24px;"
              />
              <div
                class="confirm-import-token__name"
              >
                META
              </div>
            </div>
            <div
              class="confirm-import-token__balance"
            >
              <div
                class="currency-display-component"
                title="null"
              >
                <span
                  class="currency-display-component__text"
                />
              </div>
            </div>
          </div>
          <div
            class="confirm-import-token__token-list-item"
          >
            <div
              class="confirm-import-token__token confirm-import-token__data"
            >
              <img
                alt=""
                class="identicon confirm-import-token__token-icon"
                src="0x.svg"
                style="height: 48px; width: 48px; border-radius: 24px;"
              />
              <div
                class="confirm-import-token__name"
              >
                0X
              </div>
            </div>
            <div
              class="confirm-import-token__balance"
            >
              <div
                class="currency-display-component"
                title="null"
              >
                <span
                  class="currency-display-component__text"
                />
              </div>
            </div>
          </div>
        </div>
      </div>
    </div>
    <div
      class="page-container__footer"
    >
      <footer>
        <button
          class="button btn--rounded btn-secondary btn--large page-container__footer-button"
          role="button"
          tabindex="0"
        >
          Cancel
        </button>
        <button
          class="button btn--rounded btn-primary btn--large page-container__footer-button"
          role="button"
          tabindex="0"
        >
          Add Token
        </button>
      </footer>
    </div>
  </div>
</div>
`;
